// Jest Snapshot v1, https://goo.gl/fbAQLP

exports[`Test Component should match the snapshot 1`] = `
<div>
  <button
    className="storybook-button storybook-button--medium storybook-button--primary"
    data-testid="button"
    type="button"
  >
    Hello from app3
  </button>
</div>
`;
